To honour the JVM settings for this build a single-use Daemon process will be forked. For more on this, please refer to https://docs.gradle.org/9.3.1/userguide/gradle_daemon.html#sec:disabling_the_daemon in the Gradle documentation.
Daemon will be stopped at the end of the build 
> Task :desktop:checkKotlinGradlePluginConfigurationErrors SKIPPED
> Task :desktop:convertXmlValueResourcesForMain NO-SOURCE
> Task :desktop:copyNonXmlValueResourcesForMain NO-SOURCE
> Task :desktop:prepareComposeResourcesTaskForMain NO-SOURCE
> Task :desktop:generateResourceAccessorsForMain SKIPPED
> Task :desktop:generateActualResourceCollectorsForMain SKIPPED
> Task :desktop:generateComposeResClass SKIPPED
> Task :desktop:assembleMainResources UP-TO-DATE
> Task :desktop:processResources UP-TO-DATE
> Task :desktop:convertXmlValueResourcesForTest NO-SOURCE
> Task :desktop:copyNonXmlValueResourcesForTest NO-SOURCE
> Task :desktop:prepareComposeResourcesTaskForTest NO-SOURCE
> Task :desktop:generateResourceAccessorsForTest SKIPPED
> Task :desktop:assembleTestResources UP-TO-DATE
> Task :desktop:processTestResources UP-TO-DATE
> Task :desktop:compileKotlin
> Task :desktop:compileJava NO-SOURCE
> Task :desktop:classes UP-TO-DATE
> Task :desktop:jar
> Task :desktop:compileTestKotlin NO-SOURCE
> Task :desktop:compileTestJava NO-SOURCE
> Task :desktop:testClasses UP-TO-DATE
> Task :desktop:test NO-SOURCE

BUILD SUCCESSFUL in 1m 3s
6 actionable tasks: 2 executed, 4 up-to-date
Consider enabling configuration cache to speed up this build: https://docs.gradle.org/9.3.1/userguide/configuration_cache_enabling.html
